<html>
<body>
<pre>
<h1>µVision Build Log</h1>
<h2>Tool Versions:</h2>
IDE-Version: ÂµVision V5.39.0.0
Copyright (C) 2023 ARM Ltd and ARM Germany GmbH. All rights reserved.
License Information: dinh khai, macbookpro, LIC=----
 
Tool Versions:
Toolchain:       MDK-Lite  Version: 5.39.0.0
Toolchain Path:  C:\Keil_v5\ARM\ARM_compiler_5.06v7\Bin
C Compiler:      Armcc.exe V5.06 update 7 (build 960)
Assembler:       Armasm.exe V5.06 update 7 (build 960)
Linker/Locator:  ArmLink.exe V5.06 update 7 (build 960)
Library Manager: ArmAr.exe V5.06 update 7 (build 960)
Hex Converter:   FromElf.exe V5.06 update 7 (build 960)
CPU DLL:         SARMCM3.DLL V5.39.0.0
Dialog DLL:      DARMCM1.DLL V1.19.6.0
Target DLL:      UL2CM3.DLL V1.164.9.0
Dialog DLL:      TARMCM1.DLL V1.14.6.0
 
<h2>Project:</h2>
D:\code-test\vdk\mkl46z4\Accelerator\fall-detection.uvprojx
Project File Date:  06/13/2024

<h2>Output:</h2>
*** Using Compiler 'V5.06 update 7 (build 960)', folder: 'C:\Keil_v5\ARM\ARM_compiler_5.06v7\Bin'
Build target 'Target 1'
compiling main.c...
compiling slcd.c...
compiling led.c...
led.c(29): warning:  #1-D: last line of file ends without a newline
  }
led.c: 1 warning, 0 errors
compiling state.c...
state.c(25): warning:  #188-D: enumerated type mixed with another type
  	NVIC_ClearPendingIRQ(31);
state.c(26): warning:  #188-D: enumerated type mixed with another type
  	NVIC_EnableIRQ(31);
state.c(45): warning:  #1-D: last line of file ends without a newline
  }
state.c: 3 warnings, 0 errors
compiling i2c.c...
compiling delay.c...
delay.c(22): warning:  #188-D: enumerated type mixed with another type
  	NVIC_SetPriority(-1, 15);
delay.c: 1 warning, 0 errors
compiling mma8451.c...
mma8451.c(49): warning:  #1-D: last line of file ends without a newline
  // 
mma8451.c: 1 warning, 0 errors
assembling startup_MKL46Z4.s...
compiling system_MKL46Z4.c...
linking...
.\Objects\accelerator.axf: Warning: L6914W: option ro-base ignored when using --scatter.
.\Objects\accelerator.axf: Warning: L6914W: option rw-base ignored when using --scatter.
.\Objects\accelerator.axf: Warning: L6340W: options first and last are ignored for link type of scattered
Program Size: Code=4764 RO-data=544 RW-data=16 ZI-data=2144  
Finished: 0 information, 3 warning and 0 error messages.
".\Objects\accelerator.axf" - 0 Error(s), 9 Warning(s).

<h2>Software Packages used:</h2>

Package Vendor: ARM
                http://www.keil.com/pack/ARM.CMSIS.5.9.0.pack
                ARM::CMSIS@5.9.0
                CMSIS (Common Microcontroller Software Interface Standard)
   * Component: CORE Version: 5.6.0

Package Vendor: NXP
                http://mcuxpresso.nxp.com/cmsis_pack/repo/NXP.MKL46Z4_DFP.10.0.3.pack
                NXP::MKL46Z4_DFP@10.0.3
                Device Family Pack for MKL46Z4
   * Component: Startup Version: 1.0.0

<h2>Collection of Component include folders:</h2>
  ./RTE/Device/MKL46Z256VLH4
  ./RTE/_Target_1
  C:/Users/khain/AppData/Local/Arm/Packs/ARM/CMSIS/5.9.0/CMSIS/Core/Include

<h2>Collection of Component Files used:</h2>

   * Component: ARM::CMSIS:CORE@5.6.0

   * Component: NXP::Device:Startup@1.0.0
      Include file:  MKL46Z4.h
      Include file:  fsl_device_registers.h
      Include file:  MKL46Z4_features.h
      Include file:  system_MKL46Z4.h
      Source file:   system_MKL46Z4.c
      Source file:   arm/startup_MKL46Z4.s
Build Time Elapsed:  00:00:01
</pre>
</body>
</html>
